Archive member included to satisfy reference by file (symbol)

C:/ST/STM32CubeIDE_1.14.0/STM32CubeIDE/plugins/com.st.stm32cube.ide.mcu.externaltools.gnu-tools-for-stm32.11.3.rel1.win32_1.1.100.202309141235/tools/bin/../lib/gcc/arm-none-eabi/11.3.1/../../../../arm-none-eabi/lib/thumb/v7-m/nofp\libc_nano.a(libc_a-exit.o)
                              C:/ST/STM32CubeIDE_1.14.0/STM32CubeIDE/plugins/com.st.stm32cube.ide.mcu.externaltools.gnu-tools-for-stm32.11.3.rel1.win32_1.1.100.202309141235/tools/bin/../lib/gcc/arm-none-eabi/11.3.1/../../../../arm-none-eabi/lib/thumb/v7-m/nofp/crt0.o (exit)
C:/ST/STM32CubeIDE_1.14.0/STM32CubeIDE/plugins/com.st.stm32cube.ide.mcu.externaltools.gnu-tools-for-stm32.11.3.rel1.win32_1.1.100.202309141235/tools/bin/../lib/gcc/arm-none-eabi/11.3.1/../../../../arm-none-eabi/lib/thumb/v7-m/nofp\libc_nano.a(libc_a-findfp.o)
                              C:/ST/STM32CubeIDE_1.14.0/STM32CubeIDE/plugins/com.st.stm32cube.ide.mcu.externaltools.gnu-tools-for-stm32.11.3.rel1.win32_1.1.100.202309141235/tools/bin/../lib/gcc/arm-none-eabi/11.3.1/../../../../arm-none-eabi/lib/thumb/v7-m/nofp\libc_nano.a(libc_a-exit.o) (__stdio_exit_handler)
C:/ST/STM32CubeIDE_1.14.0/STM32CubeIDE/plugins/com.st.stm32cube.ide.mcu.externaltools.gnu-tools-for-stm32.11.3.rel1.win32_1.1.100.202309141235/tools/bin/../lib/gcc/arm-none-eabi/11.3.1/../../../../arm-none-eabi/lib/thumb/v7-m/nofp\libc_nano.a(libc_a-fwalk.o)
                              C:/ST/STM32CubeIDE_1.14.0/STM32CubeIDE/plugins/com.st.stm32cube.ide.mcu.externaltools.gnu-tools-for-stm32.11.3.rel1.win32_1.1.100.202309141235/tools/bin/../lib/gcc/arm-none-eabi/11.3.1/../../../../arm-none-eabi/lib/thumb/v7-m/nofp\libc_nano.a(libc_a-findfp.o) (_fwalk_sglue)
C:/ST/STM32CubeIDE_1.14.0/STM32CubeIDE/plugins/com.st.stm32cube.ide.mcu.externaltools.gnu-tools-for-stm32.11.3.rel1.win32_1.1.100.202309141235/tools/bin/../lib/gcc/arm-none-eabi/11.3.1/../../../../arm-none-eabi/lib/thumb/v7-m/nofp\libc_nano.a(libc_a-stdio.o)
                              C:/ST/STM32CubeIDE_1.14.0/STM32CubeIDE/plugins/com.st.stm32cube.ide.mcu.externaltools.gnu-tools-for-stm32.11.3.rel1.win32_1.1.100.202309141235/tools/bin/../lib/gcc/arm-none-eabi/11.3.1/../../../../arm-none-eabi/lib/thumb/v7-m/nofp\libc_nano.a(libc_a-findfp.o) (__sread)
C:/ST/STM32CubeIDE_1.14.0/STM32CubeIDE/plugins/com.st.stm32cube.ide.mcu.externaltools.gnu-tools-for-stm32.11.3.rel1.win32_1.1.100.202309141235/tools/bin/../lib/gcc/arm-none-eabi/11.3.1/../../../../arm-none-eabi/lib/thumb/v7-m/nofp\libc_nano.a(libc_a-memset.o)
                              C:/ST/STM32CubeIDE_1.14.0/STM32CubeIDE/plugins/com.st.stm32cube.ide.mcu.externaltools.gnu-tools-for-stm32.11.3.rel1.win32_1.1.100.202309141235/tools/bin/../lib/gcc/arm-none-eabi/11.3.1/../../../../arm-none-eabi/lib/thumb/v7-m/nofp/crt0.o (memset)
C:/ST/STM32CubeIDE_1.14.0/STM32CubeIDE/plugins/com.st.stm32cube.ide.mcu.externaltools.gnu-tools-for-stm32.11.3.rel1.win32_1.1.100.202309141235/tools/bin/../lib/gcc/arm-none-eabi/11.3.1/../../../../arm-none-eabi/lib/thumb/v7-m/nofp\libc_nano.a(libc_a-closer.o)
                              C:/ST/STM32CubeIDE_1.14.0/STM32CubeIDE/plugins/com.st.stm32cube.ide.mcu.externaltools.gnu-tools-for-stm32.11.3.rel1.win32_1.1.100.202309141235/tools/bin/../lib/gcc/arm-none-eabi/11.3.1/../../../../arm-none-eabi/lib/thumb/v7-m/nofp\libc_nano.a(libc_a-stdio.o) (_close_r)
C:/ST/STM32CubeIDE_1.14.0/STM32CubeIDE/plugins/com.st.stm32cube.ide.mcu.externaltools.gnu-tools-for-stm32.11.3.rel1.win32_1.1.100.202309141235/tools/bin/../lib/gcc/arm-none-eabi/11.3.1/../../../../arm-none-eabi/lib/thumb/v7-m/nofp\libc_nano.a(libc_a-reent.o)
                              C:/ST/STM32CubeIDE_1.14.0/STM32CubeIDE/plugins/com.st.stm32cube.ide.mcu.externaltools.gnu-tools-for-stm32.11.3.rel1.win32_1.1.100.202309141235/tools/bin/../lib/gcc/arm-none-eabi/11.3.1/../../../../arm-none-eabi/lib/thumb/v7-m/nofp\libc_nano.a(libc_a-closer.o) (errno)
C:/ST/STM32CubeIDE_1.14.0/STM32CubeIDE/plugins/com.st.stm32cube.ide.mcu.externaltools.gnu-tools-for-stm32.11.3.rel1.win32_1.1.100.202309141235/tools/bin/../lib/gcc/arm-none-eabi/11.3.1/../../../../arm-none-eabi/lib/thumb/v7-m/nofp\libc_nano.a(libc_a-impure.o)
                              C:/ST/STM32CubeIDE_1.14.0/STM32CubeIDE/plugins/com.st.stm32cube.ide.mcu.externaltools.gnu-tools-for-stm32.11.3.rel1.win32_1.1.100.202309141235/tools/bin/../lib/gcc/arm-none-eabi/11.3.1/../../../../arm-none-eabi/lib/thumb/v7-m/nofp\libc_nano.a(libc_a-reent.o) (_impure_ptr)
C:/ST/STM32CubeIDE_1.14.0/STM32CubeIDE/plugins/com.st.stm32cube.ide.mcu.externaltools.gnu-tools-for-stm32.11.3.rel1.win32_1.1.100.202309141235/tools/bin/../lib/gcc/arm-none-eabi/11.3.1/../../../../arm-none-eabi/lib/thumb/v7-m/nofp\libc_nano.a(libc_a-lseekr.o)
[...]
Memory Configuration

Name             Origin             Length             Attributes
RAM              0x0000000020000000 0x0000000000005000 xrw
FLASH            0x0000000008000000 0x0000000000010000 xr
*default*        0x0000000000000000 0xffffffffffffffff

Linker script and memory map

LOAD C:/ST/STM32CubeIDE_1.14.0/STM32CubeIDE/plugins/com.st.stm32cube.ide.mcu.externaltools.gnu-tools-for-stm32.11.3.rel1.win32_1.1.100.202309141235/tools/bin/../lib/gcc/arm-none-eabi/11.3.1/thumb/v7-m/nofp/crti.o
LOAD C:/ST/STM32CubeIDE_1.14.0/STM32CubeIDE/plugins/com.st.stm32cube.ide.mcu.externaltools.gnu-tools-for-stm32.11.3.rel1.win32_1.1.100.202309141235/tools/bin/../lib/gcc/arm-none-eabi/11.3.1/thumb/v7-m/nofp/crtbegin.o
LOAD C:/ST/STM32CubeIDE_1.14.0/STM32CubeIDE/plugins/com.st.stm32cube.ide.mcu.externaltools.gnu-tools-for-stm32.11.3.rel1.win32_1.1.100.202309141235/tools/bin/../lib/gcc/arm-none-eabi/11.3.1/../../../../arm-none-eabi/lib/thumb/v7-m/nofp/crt0.o
LOAD ./Core/Src/gpio.o
LOAD ./Core/Src/iwdg.o
LOAD ./Core/Src/main.o
LOAD ./Core/Src/stm32f1xx_hal_msp.o
LOAD ./Core/Src/stm32f1xx_it.o
LOAD ./Core/Src/syscalls.o
LOAD ./Core/Src/sysmem.o
LOAD ./Core/Src/system_stm32f1xx.o
LOAD ./Core/Src/tim.o
LOAD ./Core/Src/usart.o
LOAD ./Core/Startup/startup_stm32f103c8tx.o
LOAD ./Drivers/STM32F1xx_HAL_Driver/Src/stm32f1xx_hal.o
LOAD ./Drivers/STM32F1xx_HAL_Driver/Src/stm32f1xx_hal_cortex.o
LOAD ./Drivers/STM32F1xx_HAL_Driver/Src/stm32f1xx_hal_dma.o
LOAD ./Drivers/STM32F1xx_HAL_Driver/Src/stm32f1xx_hal_exti.o
LOAD ./Drivers/STM32F1xx_HAL_Driver/Src/stm32f1xx_hal_flash.o
LOAD ./Drivers/STM32F1xx_HAL_Driver/Src/stm32f1xx_hal_flash_ex.o
LOAD ./Drivers/STM32F1xx_HAL_Driver/Src/stm32f1xx_hal_gpio.o
LOAD ./Drivers/STM32F1xx_HAL_Driver/Src/stm32f1xx_hal_gpio_ex.o
LOAD ./Drivers/STM32F1xx_HAL_Driver/Src/stm32f1xx_hal_iwdg.o
LOAD ./Drivers/STM32F1xx_HAL_Driver/Src/stm32f1xx_hal_pwr.o
LOAD ./Drivers/STM32F1xx_HAL_Driver/Src/stm32f1xx_hal_rcc.o
LOAD ./Drivers/STM32F1xx_HAL_Driver/Src/stm32f1xx_hal_rcc_ex.o
LOAD ./Drivers/STM32F1xx_HAL_Driver/Src/stm32f1xx_hal_tim.o
LOAD ./Drivers/STM32F1xx_HAL_Driver/Src/stm32f1xx_hal_tim_ex.o
LOAD ./Drivers/STM32F1xx_HAL_Driver/Src/stm32f1xx_hal_uart.o
START GROUP
LOAD C:/ST/STM32CubeIDE_1.14.0/STM32CubeIDE/plugins/com.st.stm32cube.ide.mcu.externaltools.gnu-tools-for-stm32.11.3.rel1.win32_1.1.100.202309141235/tools/bin/../lib/gcc/arm-none-eabi/11.3.1/../../../../arm-none-eabi/lib/thumb/v7-m/nofp\libc_nano.a
LOAD C:/ST/STM32CubeIDE_1.14.0/STM32CubeIDE/plugins/com.st.stm32cube.ide.mcu.externaltools.gnu-tools-for-stm32.11.3.rel1.win32_1.1.100.202309141235/tools/bin/../lib/gcc/arm-none-eabi/11.3.1/../../../../arm-none-eabi/lib/thumb/v7-m/nofp\libm.a
END GROUP
START GROUP
LOAD C:/ST/STM32CubeIDE_1.14.0/STM32CubeIDE/plugins/com.st.stm32cube.ide.mcu.externaltools.gnu-tools-for-stm32.11.3.rel1.win32_1.1.100.202309141235/tools/bin/../lib/gcc/arm-none-eabi/11.3.1/thumb/v7-m/nofp\libgcc.a
LOAD C:/ST/STM32CubeIDE_1.14.0/STM32CubeIDE/plugins/com.st.stm32cube.ide.mcu.externaltools.gnu-tools-for-stm32.11.3.rel1.win32_1.1.100.202309141235/tools/bin/../lib/gcc/arm-none-eabi/11.3.1/../../../../arm-none-eabi/lib/thumb/v7-m/nofp\libc_nano.a
END GROUP
START GROUP
LOAD C:/ST/STM32CubeIDE_1.14.0/STM32CubeIDE/plugins/com.st.stm32cube.ide.mcu.externaltools.gnu-tools-for-stm32.11.3.rel1.win32_1.1.100.202309141235/tools/bin/../lib/gcc/arm-none-eabi/11.3.1/thumb/v7-m/nofp\libgcc.a
LOAD C:/ST/STM32CubeIDE_1.14.0/STM32CubeIDE/plugins/com.st.stm32cube.ide.mcu.externaltools.gnu-tools-for-stm32.11.3.rel1.win32_1.1.100.202309141235/tools/bin/../lib/gcc/arm-none-eabi/11.3.1/../../../../arm-none-eabi/lib/thumb/v7-m/nofp\libc_nano.a
LOAD C:/ST/STM32CubeIDE_1.14.0/STM32CubeIDE/plugins/com.st.stm32cube.ide.mcu.externaltools.gnu-tools-for-stm32.11.3.rel1.win32_1.1.100.202309141235/tools/bin/../lib/gcc/arm-none-eabi/11.3.1/../../../../arm-none-eabi/lib/thumb/v7-m/nofp\libnosys.a
END GROUP
START GROUP
LOAD C:/ST/STM32CubeIDE_1.14.0/STM32CubeIDE/plugins/com.st.stm32cube.ide.mcu.externaltools.gnu-tools-for-stm32.11.3.rel1.win32_1.1.100.202309141235/tools/bin/../lib/gcc/arm-none-eabi/11.3.1/thumb/v7-m/nofp\libgcc.a
LOAD C:/ST/STM32CubeIDE_1.14.0/STM32CubeIDE/plugins/com.st.stm32cube.ide.mcu.externaltools.gnu-tools-for-stm32.11.3.rel1.win32_1.1.100.202309141235/tools/bin/../lib/gcc/arm-none-eabi/11.3.1/../../../../arm-none-eabi/lib/thumb/v7-m/nofp\libc_nano.a
LOAD C:/ST/STM32CubeIDE_1.14.0/STM32CubeIDE/plugins/com.st.stm32cube.ide.mcu.externaltools.gnu-tools-for-stm32.11.3.rel1.win32_1.1.100.202309141235/tools/bin/../lib/gcc/arm-none-eabi/11.3.1/../../../../arm-none-eabi/lib/thumb/v7-m/nofp\libnosys.a
END GROUP
LOAD C:/ST/STM32CubeIDE_1.14.0/STM32CubeIDE/plugins/com.st.stm32cube.ide.mcu.externaltools.gnu-tools-for-stm32.11.3.rel1.win32_1.1.100.202309141235/tools/bin/../lib/gcc/arm-none-eabi/11.3.1/thumb/v7-m/nofp/crtend.o
LOAD C:/ST/STM32CubeIDE_1.14.0/STM32CubeIDE/plugins/com.st.stm32cube.ide.mcu.externaltools.gnu-tools-for-stm32.11.3.rel1.win32_1.1.100.202309141235/tools/bin/../lib/gcc/arm-none-eabi/11.3.1/thumb/v7-m/nofp/crtn.o
                0x0000000020005000                _estack = (ORIGIN (RAM) + LENGTH (RAM))
                0x0000000000000200                _Min_Heap_Size = 0x200
                0x0000000000000400                _Min_Stack_Size = 0x400

.isr_vector     0x0000000008000000      0x10c
                0x0000000008000000                . = ALIGN (0x4)
 *(.isr_vector)
 .isr_vector    0x0000000008000000      0x10c ./Core/Startup/startup_stm32f103c8tx.o
                0x0000000008000000                g_pfnVectors
                0x000000000800010c                . = ALIGN (0x4)

.text           0x000000000800010c     0x3ea8
                0x000000000800010c                . = ALIGN (0x4)
 *(.text)
 .text          0x000000000800010c       0x40 C:/ST/STM32CubeIDE_1.14.0/STM32CubeIDE/plugins/com.st.stm32cube.ide.mcu.externaltools.gnu-tools-for-stm32.11.3.rel1.win32_1.1.100.202309141235/tools/bin/../lib/gcc/arm-none-eabi/11.3.1/thumb/v7-m/nofp/crtbegin.o
 *(.text*)
 .text.MX_GPIO_Init
                0x000000000800014c      0x140 ./Core/Src/gpio.o
                0x000000000800014c                MX_GPIO_Init
 .text.MX_IWDG_Init
                0x000000000800028c       0x34 ./Core/Src/iwdg.o
                0x000000000800028c                MX_IWDG_Init
 .text.main     0x00000000080002c0       0x88 ./Core/Src/main.o
                0x00000000080002c0                main
 .text.SystemClock_Config
                0x0000000008000348       0x8e ./Core/Src/main.o
                0x0000000008000348                SystemClock_Config
 .text.calc_duty_cycle
                0x00000000080003d6       0x58 ./Core/Src/main.o
                0x00000000080003d6                calc_duty_cycle
 *fill*         0x000000000800042e        0x2 
 .text.set_duty_cycle
                0x0000000008000430       0x30 ./Core/Src/main.o
                0x0000000008000430                set_duty_cycle
 .text.init_values
                0x0000000008000460       0x54 ./Core/Src/main.o
                0x0000000008000460                init_values
 .text.HAL_TIM_IC_CaptureCallback
                0x00000000080004b4       0x7c ./Core/Src/main.o
                0x00000000080004b4                HAL_TIM_IC_CaptureCallback
 .text.HAL_TIM_PeriodElapsedCallback
                0x0000000008000530      0x178 ./Core/Src/main.o
                0x0000000008000530                HAL_TIM_PeriodElapsedCallback
 .text.HAL_UART_RxCpltCallback
                0x00000000080006a8      0x154 ./Core/Src/main.o
                0x00000000080006a8                HAL_UART_RxCpltCallback
 .text.Error_Handler
                0x00000000080007fc        0xa ./Core/Src/main.o
                0x00000000080007fc                Error_Handler
 *fill*         0x0000000008000806        0x2 
 .text.HAL_MspInit
                0x0000000008000808       0x64 ./Core/Src/stm32f1xx_hal_msp.o
                0x0000000008000808                HAL_MspInit
 .text.NMI_Handler
                0x000000000800086c        0x6 ./Core/Src/stm32f1xx_it.o
                0x000000000800086c                NMI_Handler
 .text.HardFault_Handler
                0x0000000008000872        0x6 ./Core/Src/stm32f1xx_it.o
                0x0000000008000872                HardFault_Handler
 .text.MemManage_Handler
                0x0000000008000878        0x6 ./Core/Src/stm32f1xx_it.o
                0x0000000008000878                MemManage_Handler
 .text.BusFault_Handler
                0x000000000800087e        0x6 ./Core/Src/stm32f1xx_it.o
                0x000000000800087e                BusFault_Handler
 .text.UsageFault_Handler
                0x0000000008000884        0x6 ./Core/Src/stm32f1xx_it.o
                0x0000000008000884                UsageFault_Handler
 .text.SVC_Handler
                0x000000000800088a        0xc ./Core/Src/stm32f1xx_it.o
                0x000000000800088a                SVC_Handler
 .text.DebugMon_Handler
                0x0000000008000896        0xc ./Core/Src/stm32f1xx_it.o
                0x0000000008000896                DebugMon_Handler
 .text.PendSV_Handler
                0x00000000080008a2        0xc ./Core/Src/stm32f1xx_it.o
                0x00000000080008a2                PendSV_Handler
 .text.SysTick_Handler
                0x00000000080008ae        0xc ./Core/Src/stm32f1xx_it.o
                0x00000000080008ae                SysTick_Handler
 .text.EXTI0_IRQHandler
                0x00000000080008ba        0xe ./Core/Src/stm32f1xx_it.o
                0x00000000080008ba                EXTI0_IRQHandler
 .text.EXTI1_IRQHandler
                0x00000000080008c8        0xe ./Core/Src/stm32f1xx_it.o
                0x00000000080008c8                EXTI1_IRQHandler
 *fill*         0x00000000080008d6        0x2 
 .text.TIM2_IRQHandler
                0x00000000080008d8       0x14 ./Core/Src/stm32f1xx_it.o
                0x00000000080008d8                TIM2_IRQHandler
 .text.TIM3_IRQHandler
                0x00000000080008ec       0x14 ./Core/Src/stm32f1xx_it.o
                0x00000000080008ec                TIM3_IRQHandler
 .text.TIM4_IRQHandler
                0x0000000008000900       0x14 ./Core/Src/stm32f1xx_it.o
                0x0000000008000900                TIM4_IRQHandler
 .text.USART1_IRQHandler
                0x0000000008000914       0x14 ./Core/Src/stm32f1xx_it.o
                0x0000000008000914                USART1_IRQHandler
 .text.SystemInit
                0x0000000008000928        0xc ./Core/Src/system_stm32f1xx.o
                0x0000000008000928                SystemInit
 .text.MX_TIM2_Init
                0x0000000008000934      0x100 ./Core/Src/tim.o
                0x0000000008000934                MX_TIM2_Init
 .text.MX_TIM3_Init
                0x0000000008000a34       0xbc ./Core/Src/tim.o
                0x0000000008000a34                MX_TIM3_Init
 .text.MX_TIM4_Init
                0x0000000008000af0       0x9c ./Core/Src/tim.o
                0x0000000008000af0                MX_TIM4_Init
 .text.HAL_TIM_Base_MspInit
                0x0000000008000b8c       0x80 ./Core/Src/tim.o
                0x0000000008000b8c                HAL_TIM_Base_MspInit
 .text.HAL_TIM_IC_MspInit
                0x0000000008000c0c       0x8c ./Core/Src/tim.o
                0x0000000008000c0c                HAL_TIM_IC_MspInit
 .text.HAL_TIM_MspPostInit
                0x0000000008000c98       0xc0 ./Core/Src/tim.o
                0x0000000008000c98                HAL_TIM_MspPostInit
 .text.MX_USART1_UART_Init
                0x0000000008000d58       0x54 ./Core/Src/usart.o
                0x0000000008000d58                MX_USART1_UART_Init
 .text.HAL_UART_MspInit
                0x0000000008000dac       0xa8 ./Core/Src/usart.o
                0x0000000008000dac                HAL_UART_MspInit
 .text.Reset_Handler
                0x0000000008000e54       0x48 ./Core/Startup/startup_stm32f103c8tx.o
                0x0000000008000e54                Reset_Handler
 .text.Default_Handler
                0x0000000008000e9c        0x2 ./Core/Startup/startup_stm32f103c8tx.o
                0x0000000008000e9c                RTC_Alarm_IRQHandler
                0x0000000008000e9c                EXTI2_IRQHandler
                0x0000000008000e9c                TIM1_CC_IRQHandler
                0x0000000008000e9c                PVD_IRQHandler
                0x0000000008000e9c                EXTI3_IRQHandler
                0x0000000008000e9c                I2C2_EV_IRQHandler
                0x0000000008000e9c                ADC1_2_IRQHandler
                0x0000000008000e9c                SPI1_IRQHandler
                0x0000000008000e9c                TAMPER_IRQHandler
                0x0000000008000e9c                DMA1_Channel4_IRQHandler
                0x0000000008000e9c                USART3_IRQHandler
                0x0000000008000e9c                RTC_IRQHandler
                0x0000000008000e9c                DMA1_Channel7_IRQHandler
                0x0000000008000e9c                CAN1_RX1_IRQHandler
                0x0000000008000e9c                I2C1_EV_IRQHandler
                0x0000000008000e9c                DMA1_Channel6_IRQHandler
                0x0000000008000e9c                RCC_IRQHandler
                0x0000000008000e9c                TIM1_TRG_COM_IRQHandler
                0x0000000008000e9c                DMA1_Channel1_IRQHandler
                0x0000000008000e9c                Default_Handler
                0x0000000008000e9c                EXTI15_10_IRQHandler
                0x0000000008000e9c                EXTI9_5_IRQHandler
                0x0000000008000e9c                SPI2_IRQHandler
                0x0000000008000e9c                DMA1_Channel5_IRQHandler
                0x0000000008000e9c                EXTI4_IRQHandler
                0x0000000008000e9c                USB_LP_CAN1_RX0_IRQHandler
                0x0000000008000e9c                USB_HP_CAN1_TX_IRQHandler
                0x0000000008000e9c                DMA1_Channel3_IRQHandler
                0x0000000008000e9c                TIM1_UP_IRQHandler
                0x0000000008000e9c                WWDG_IRQHandler
                0x0000000008000e9c                TIM1_BRK_IRQHandler
                0x0000000008000e9c                USART2_IRQHandler
                0x0000000008000e9c                I2C2_ER_IRQHandler
                0x0000000008000e9c                DMA1_Channel2_IRQHandler
                0x0000000008000e9c                CAN1_SCE_IRQHandler
                0x0000000008000e9c                FLASH_IRQHandler
                0x0000000008000e9c                I2C1_ER_IRQHandler
                0x0000000008000e9c                USBWakeUp_IRQHandler
 *fill*         0x0000000008000e9e        0x2 
 .text.HAL_Init
                0x0000000008000ea0       0x2c ./Drivers/STM32F1xx_HAL_Driver/Src/stm32f1xx_hal.o
                0x0000000008000ea0                HAL_Init
 .text.HAL_InitTick
                0x0000000008000ecc       0x60 ./Drivers/STM32F1xx_HAL_Driver/Src/stm32f1xx_hal.o
                0x0000000008000ecc                HAL_InitTick
 .text.HAL_IncTick
                0x0000000008000f2c       0x24 ./Drivers/STM32F1xx_HAL_Driver/Src/stm32f1xx_hal.o
                0x0000000008000f2c                HAL_IncTick
 .text.HAL_GetTick
                0x0000000008000f50       0x14 ./Drivers/STM32F1xx_HAL_Driver/Src/stm32f1xx_hal.o
                0x0000000008000f50                HAL_GetTick
 .text.HAL_Delay
                0x0000000008000f64       0x48 ./Drivers/STM32F1xx_HAL_Driver/Src/stm32f1xx_hal.o
                0x0000000008000f64                HAL_Delay
 .text.__NVIC_SetPriorityGrouping
                0x0000000008000fac       0x48 ./Drivers/STM32F1xx_HAL_Driver/Src/stm32f1xx_hal_cortex.o
 .text.__NVIC_GetPriorityGrouping
                0x0000000008000ff4       0x1c ./Drivers/STM32F1xx_HAL_Driver/Src/stm32f1xx_hal_cortex.o
 .text.__NVIC_EnableIRQ
                0x0000000008001010       0x38 ./Drivers/STM32F1xx_HAL_Driver/Src/stm32f1xx_hal_cortex.o
 .text.__NVIC_SetPriority
                0x0000000008001048       0x54 ./Drivers/STM32F1xx_HAL_Driver/Src/stm32f1xx_hal_cortex.o
 .text.NVIC_EncodePriority
                0x000000000800109c       0x64 ./Drivers/STM32F1xx_HAL_Driver/Src/stm32f1xx_hal_cortex.o
 .text.SysTick_Config
                0x0000000008001100       0x44 ./Drivers/STM32F1xx_HAL_Driver/Src/stm32f1xx_hal_cortex.o
 .text.HAL_NVIC_SetPriorityGrouping
                0x0000000008001144       0x16 ./Drivers/STM32F1xx_HAL_Driver/Src/stm32f1xx_hal_cortex.o
                0x0000000008001144                HAL_NVIC_SetPriorityGrouping
 .text.HAL_NVIC_SetPriority
                0x000000000800115a       0x38 ./Drivers/STM32F1xx_HAL_Driver/Src/stm32f1xx_hal_cortex.o
                0x000000000800115a                HAL_NVIC_SetPriority
 .text.HAL_NVIC_EnableIRQ
                0x0000000008001192       0x1c ./Drivers/STM32F1xx_HAL_Driver/Src/stm32f1xx_hal_cortex.o
                0x0000000008001192                HAL_NVIC_EnableIRQ
 .text.HAL_SYSTICK_Config
                0x00000000080011ae       0x18 ./Drivers/STM32F1xx_HAL_Driver/Src/stm32f1xx_hal_cortex.o
                0x00000000080011ae                HAL_SYSTICK_Config
 .text.HAL_DMA_Abort
                0x00000000080011c6       0x74 ./Drivers/STM32F1xx_HAL_Driver/Src/stm32f1xx_hal_dma.o
                0x00000000080011c6                HAL_DMA_Abort
 *fill*         0x000000000800123a        0x2 
 .text.HAL_DMA_Abort_IT
                0x000000000800123c       0xec ./Drivers/STM32F1xx_HAL_Driver/Src/stm32f1xx_hal_dma.o
                0x000000000800123c                HAL_DMA_Abort_IT
 .text.HAL_GPIO_Init
                0x0000000008001328      0x308 ./Drivers/STM32F1xx_HAL_Driver/Src/stm32f1xx_hal_gpio.o
                0x0000000008001328                HAL_GPIO_Init
 .text.HAL_GPIO_ReadPin
                0x0000000008001630       0x2e ./Drivers/STM32F1xx_HAL_Driver/Src/stm32f1xx_hal_gpio.o
                0x0000000008001630                HAL_GPIO_ReadPin
 .text.HAL_GPIO_WritePin
                0x000000000800165e       0x30 ./Drivers/STM32F1xx_HAL_Driver/Src/stm32f1xx_hal_gpio.o
                0x000000000800165e                HAL_GPIO_WritePin
 .text.HAL_GPIO_TogglePin
                0x000000000800168e       0x32 ./Drivers/STM32F1xx_HAL_Driver/Src/stm32f1xx_hal_gpio.o
                0x000000000800168e                HAL_GPIO_TogglePin
 .text.HAL_GPIO_EXTI_IRQHandler
                0x00000000080016c0       0x30 ./Drivers/STM32F1xx_HAL_Driver/Src/stm32f1xx_hal_gpio.o
                0x00000000080016c0                HAL_GPIO_EXTI_IRQHandler
 .text.HAL_GPIO_EXTI_Callback
                0x00000000080016f0       0x14 ./Drivers/STM32F1xx_HAL_Driver/Src/stm32f1xx_hal_gpio.o
                0x00000000080016f0                HAL_GPIO_EXTI_Callback
 .text.HAL_IWDG_Init
                0x0000000008001704       0x84 ./Drivers/STM32F1xx_HAL_Driver/Src/stm32f1xx_hal_iwdg.o
                0x0000000008001704                HAL_IWDG_Init
 .text.HAL_IWDG_Refresh
                0x0000000008001788       0x1e ./Drivers/STM32F1xx_HAL_Driver/Src/stm32f1xx_hal_iwdg.o
                0x0000000008001788                HAL_IWDG_Refresh
 *fill*         0x00000000080017a6        0x2 
 .text.HAL_RCC_OscConfig
                0x00000000080017a8      0x504 ./Drivers/STM32F1xx_HAL_Driver/Src/stm32f1xx_hal_rcc.o
                0x00000000080017a8                HAL_RCC_OscConfig
 .text.HAL_RCC_ClockConfig
                0x0000000008001cac      0x1d4 ./Drivers/STM32F1xx_HAL_Driver/Src/stm32f1xx_hal_rcc.o
                0x0000000008001cac                HAL_RCC_ClockConfig
 .text.HAL_RCC_GetSysClockFreq
                0x0000000008001e80       0xbc ./Drivers/STM32F1xx_HAL_Driver/Src/stm32f1xx_hal_rcc.o
                0x0000000008001e80                HAL_RCC_GetSysClockFreq
 .text.HAL_RCC_GetHCLKFreq
                0x0000000008001f3c       0x14 ./Drivers/STM32F1xx_HAL_Driver/Src/stm32f1xx_hal_rcc.o
                0x0000000008001f3c                HAL_RCC_GetHCLKFreq
 .text.HAL_RCC_GetPCLK1Freq
                0x0000000008001f50       0x28 ./Drivers/STM32F1xx_HAL_Driver/Src/stm32f1xx_hal_rcc.o
                0x0000000008001f50                HAL_RCC_GetPCLK1Freq
 .text.HAL_RCC_GetPCLK2Freq
                0x0000000008001f78       0x28 ./Drivers/STM32F1xx_HAL_Driver/Src/stm32f1xx_hal_rcc.o
                0x0000000008001f78                HAL_RCC_GetPCLK2Freq
 .text.RCC_Delay
                0x0000000008001fa0       0x3c ./Drivers/STM32F1xx_HAL_Driver/Src/stm32f1xx_hal_rcc.o
 .text.HAL_TIM_Base_Init
                0x0000000008001fdc       0x9e ./Drivers/STM32F1xx_HAL_Driver/Src/stm32f1xx_hal_tim.o
                0x0000000008001fdc                HAL_TIM_Base_Init
 *fill*         0x000000000800207a        0x2 
 .text.HAL_TIM_Base_Start_IT
                0x000000000800207c       0xa4 ./Drivers/STM32F1xx_HAL_Driver/Src/stm32f1xx_hal_tim.o
                0x000000000800207c                HAL_TIM_Base_Start_IT
 .text.HAL_TIM_Base_Stop_IT
                0x0000000008002120       0x5c ./Drivers/STM32F1xx_HAL_Driver/Src/stm32f1xx_hal_tim.o
                0x0000000008002120                HAL_TIM_Base_Stop_IT
 .text.HAL_TIM_PWM_Init
                0x000000000800217c       0x9e ./Drivers/STM32F1xx_HAL_Driver/Src/stm32f1xx_hal_tim.o
                0x000000000800217c                HAL_TIM_PWM_Init
 .text.HAL_TIM_PWM_MspInit
                0x000000000800221a       0x12 ./Drivers/STM32F1xx_HAL_Driver/Src/stm32f1xx_hal_tim.o
                0x000000000800221a                HAL_TIM_PWM_MspInit
 .text.HAL_TIM_PWM_Start
                0x000000000800222c      0x144 ./Drivers/STM32F1xx_HAL_Driver/Src/stm32f1xx_hal_tim.o
                0x000000000800222c                HAL_TIM_PWM_Start
 .text.HAL_TIM_IC_Init
                0x0000000008002370       0x9e ./Drivers/STM32F1xx_HAL_Driver/Src/stm32f1xx_hal_tim.o
                0x0000000008002370                HAL_TIM_IC_Init
 *fill*         0x000000000800240e        0x2 
 .text.HAL_TIM_IC_Start_IT
                0x0000000008002410      0x20c ./Drivers/STM32F1xx_HAL_Driver/Src/stm32f1xx_hal_tim.o
                0x0000000008002410                HAL_TIM_IC_Start_IT
 .text.HAL_TIM_IRQHandler
                0x000000000800261c      0x210 ./Drivers/STM32F1xx_HAL_Driver/Src/stm32f1xx_hal_tim.o
                0x000000000800261c                HAL_TIM_IRQHandler
 .text.HAL_TIM_IC_ConfigChannel
                0x000000000800282c      0x128 ./Drivers/STM32F1xx_HAL_Driver/Src/stm32f1xx_hal_tim.o
                0x000000000800282c                HAL_TIM_IC_ConfigChannel
 .text.HAL_TIM_PWM_ConfigChannel
                0x0000000008002954      0x17c ./Drivers/STM32F1xx_HAL_Driver/Src/stm32f1xx_hal_tim.o
                0x0000000008002954                HAL_TIM_PWM_ConfigChannel
 .text.HAL_TIM_ConfigClockSource
                0x0000000008002ad0      0x188 ./Drivers/STM32F1xx_HAL_Driver/Src/stm32f1xx_hal_tim.o
                0x0000000008002ad0                HAL_TIM_ConfigClockSource
 .text.HAL_TIM_OC_DelayElapsedCallback
                0x0000000008002c58       0x12 ./Drivers/STM32F1xx_HAL_Driver/Src/stm32f1xx_hal_tim.o
                0x0000000008002c58                HAL_TIM_OC_DelayElapsedCallback
 .text.HAL_TIM_PWM_PulseFinishedCallback
                0x0000000008002c6a       0x12 ./Drivers/STM32F1xx_HAL_Driver/Src/stm32f1xx_hal_tim.o
                0x0000000008002c6a                HAL_TIM_PWM_PulseFinishedCallback
 .text.HAL_TIM_TriggerCallback
                0x0000000008002c7c       0x12 ./Drivers/STM32F1xx_HAL_Driver/Src/stm32f1xx_hal_tim.o
                0x0000000008002c7c                HAL_TIM_TriggerCallback
 *fill*         0x0000000008002c8e        0x2 
 .text.TIM_Base_SetConfig
                0x0000000008002c90       0xc4 ./Drivers/STM32F1xx_HAL_Driver/Src/stm32f1xx_hal_tim.o
                0x0000000008002c90                TIM_Base_SetConfig
 .text.TIM_OC1_SetConfig
                0x0000000008002d54       0xcc ./Drivers/STM32F1xx_HAL_Driver/Src/stm32f1xx_hal_tim.o
 .text.TIM_OC2_SetConfig
                0x0000000008002e20       0xd4 ./Drivers/STM32F1xx_HAL_Driver/Src/stm32f1xx_hal_tim.o
                0x0000000008002e20                TIM_OC2_SetConfig
 .text.TIM_OC3_SetConfig
                0x0000000008002ef4       0xd4 ./Drivers/STM32F1xx_HAL_Driver/Src/stm32f1xx_hal_tim.o
 .text.TIM_OC4_SetConfig
                0x0000000008002fc8       0x9c ./Drivers/STM32F1xx_HAL_Driver/Src/stm32f1xx_hal_tim.o
 .text.TIM_TI1_SetConfig
                0x0000000008003064       0xb4 ./Drivers/STM32F1xx_HAL_Driver/Src/stm32f1xx_hal_tim.o
                0x0000000008003064                TIM_TI1_SetConfig
 .text.TIM_TI1_ConfigInputStage
                0x0000000008003118       0x5c ./Drivers/STM32F1xx_HAL_Driver/Src/stm32f1xx_hal_tim.o
 .text.TIM_TI2_SetConfig
                0x0000000008003174       0x78 ./Drivers/STM32F1xx_HAL_Driver/Src/stm32f1xx_hal_tim.o
 .text.TIM_TI2_ConfigInputStage
                0x00000000080031ec       0x5e ./Drivers/STM32F1xx_HAL_Driver/Src/stm32f1xx_hal_tim.o
 .text.TIM_TI3_SetConfig
                0x000000000800324a       0x76 ./Drivers/STM32F1xx_HAL_Driver/Src/stm32f1xx_hal_tim.o
 .text.TIM_TI4_SetConfig
                0x00000000080032c0       0x78 ./Drivers/STM32F1xx_HAL_Driver/Src/stm32f1xx_hal_tim.o
 .text.TIM_ITRx_SetConfig
                0x0000000008003338       0x34 ./Drivers/STM32F1xx_HAL_Driver/Src/stm32f1xx_hal_tim.o
 .text.TIM_ETR_SetConfig
                0x000000000800336c       0x3e ./Drivers/STM32F1xx_HAL_Driver/Src/stm32f1xx_hal_tim.o
                0x000000000800336c                TIM_ETR_SetConfig
 .text.TIM_CCxChannelCmd
                0x00000000080033aa       0x48 ./Drivers/STM32F1xx_HAL_Driver/Src/stm32f1xx_hal_tim.o
                0x00000000080033aa                TIM_CCxChannelCmd
 *fill*         0x00000000080033f2        0x2 
 .text.HAL_TIMEx_MasterConfigSynchronization
                0x00000000080033f4       0xbc ./Drivers/STM32F1xx_HAL_Driver/Src/stm32f1xx_hal_tim_ex.o
                0x00000000080033f4                HAL_TIMEx_MasterConfigSynchronization
 .text.HAL_TIMEx_CommutCallback
                0x00000000080034b0       0x12 ./Drivers/STM32F1xx_HAL_Driver/Src/stm32f1xx_hal_tim_ex.o
                0x00000000080034b0                HAL_TIMEx_CommutCallback
 .text.HAL_TIMEx_BreakCallback
                0x00000000080034c2       0x12 ./Drivers/STM32F1xx_HAL_Driver/Src/stm32f1xx_hal_tim_ex.o
                0x00000000080034c2                HAL_TIMEx_BreakCallback
 .text.HAL_UART_Init
                0x00000000080034d4       0x9a ./Drivers/STM32F1xx_HAL_Driver/Src/stm32f1xx_hal_uart.o
                0x00000000080034d4                HAL_UART_Init
 .text.HAL_UART_Transmit
                0x000000000800356e      0x124 ./Drivers/STM32F1xx_HAL_Driver/Src/stm32f1xx_hal_uart.o
                0x000000000800356e                HAL_UART_Transmit
 .text.HAL_UART_Receive_IT
                0x0000000008003692       0x60 ./Drivers/STM32F1xx_HAL_Driver/Src/stm32f1xx_hal_uart.o
                0x0000000008003692                HAL_UART_Receive_IT
 *fill*         0x00000000080036f2        0x2 
 .text.HAL_UART_IRQHandler
                0x00000000080036f4      0x354 ./Drivers/STM32F1xx_HAL_Driver/Src/stm32f1xx_hal_uart.o
                0x00000000080036f4                HAL_UART_IRQHandler
 .text.HAL_UART_TxCpltCallback
                0x0000000008003a48       0x12 ./Drivers/STM32F1xx_HAL_Driver/Src/stm32f1xx_hal_uart.o
                0x0000000008003a48                HAL_UART_TxCpltCallback
 .text.HAL_UART_ErrorCallback
                0x0000000008003a5a       0x12 ./Drivers/STM32F1xx_HAL_Driver/Src/stm32f1xx_hal_uart.o
                0x0000000008003a5a                HAL_UART_ErrorCallback
 .text.HAL_UARTEx_RxEventCallback
                0x0000000008003a6c       0x16 ./Drivers/STM32F1xx_HAL_Driver/Src/stm32f1xx_hal_uart.o
                0x0000000008003a6c                HAL_UARTEx_RxEventCallback
 .text.UART_WaitOnFlagUntilTimeout
                0x0000000008003a82       0x94 ./Drivers/STM32F1xx_HAL_Driver/Src/stm32f1xx_hal_uart.o
 .text.UART_Start_Receive_IT
                0x0000000008003b16       0x72 ./Drivers/STM32F1xx_HAL_Driver/Src/stm32f1xx_hal_uart.o
                0x0000000008003b16                UART_Start_Receive_IT
 .text.UART_EndRxTransfer
                0x0000000008003b88       0x58 ./Drivers/STM32F1xx_HAL_Driver/Src/stm32f1xx_hal_uart.o
 .text.UART_DMAAbortOnError
                0x0000000008003be0       0x28 ./Drivers/STM32F1xx_HAL_Driver/Src/stm32f1xx_hal_uart.o
 .text.UART_Transmit_IT
                0x0000000008003c08       0x9e ./Drivers/STM32F1xx_HAL_Driver/Src/stm32f1xx_hal_uart.o
 .text.UART_EndTransmit_IT
                0x0000000008003ca6       0x30 ./Drivers/STM32F1xx_HAL_Driver/Src/stm32f1xx_hal_uart.o
 .text.UART_Receive_IT
                0x0000000008003cd6      0x152 ./Drivers/STM32F1xx_HAL_Driver/Src/stm32f1xx_hal_uart.o
 .text.UART_SetConfig
                0x0000000008003e28      0x11c ./Drivers/STM32F1xx_HAL_Driver/Src/stm32f1xx_hal_uart.o
 .text.memset   0x0000000008003f44       0x10 C:/ST/STM32CubeIDE_1.14.0/STM32CubeIDE/plugins/com.st.stm32cube.ide.mcu.externaltools.gnu-tools-for-stm32.11.3.rel1.win32_1.1.100.202309141235/tools/bin/../lib/gcc/arm-none-eabi/11.3.1/../../../../arm-none-eabi/lib/thumb/v7-m/nofp\libc_nano.a(libc_a-memset.o)
                0x0000000008003f44                memset
 .text.__libc_init_array
                0x0000000008003f54       0x48 C:/ST/STM32CubeIDE_1.14.0/STM32CubeIDE/plugins/com.st.stm32cube.ide.mcu.externaltools.gnu-tools-for-stm32.11.3.rel1.win32_1.1.100.202309141235/tools/bin/../lib/gcc/arm-none-eabi/11.3.1/../../../../arm-none-eabi/lib/thumb/v7-m/nofp\libc_nano.a(libc_a-init.o)
                0x0000000008003f54                __libc_init_array
 *(.glue_7)
 .glue_7        0x0000000008003f9c        0x0 linker stubs
 *(.glue_7t)
 .glue_7t       0x0000000008003f9c        0x0 linker stubs
 *(.eh_frame)
 .eh_frame      0x0000000008003f9c        0x0 C:/ST/STM32CubeIDE_1.14.0/STM32CubeIDE/plugins/com.st.stm32cube.ide.mcu.externaltools.gnu-tools-for-stm32.11.3.rel1.win32_1.1.100.202309141235/tools/bin/../lib/gcc/arm-none-eabi/11.3.1/thumb/v7-m/nofp/crtbegin.o
 *(.init)
 .init          0x0000000008003f9c        0x4 C:/ST/STM32CubeIDE_1.14.0/STM32CubeIDE/plugins/com.st.stm32cube.ide.mcu.externaltools.gnu-tools-for-stm32.11.3.rel1.win32_1.1.100.202309141235/tools/bin/../lib/gcc/arm-none-eabi/11.3.1/thumb/v7-m/nofp/crti.o
                0x0000000008003f9c                _init
 .init          0x0000000008003fa0        0x8 C:/ST/STM32CubeIDE_1.14.0/STM32CubeIDE/plugins/com.st.stm32cube.ide.mcu.externaltools.gnu-tools-for-stm32.11.3.rel1.win32_1.1.100.202309141235/tools/bin/../lib/gcc/arm-none-eabi/11.3.1/thumb/v7-m/nofp/crtn.o
 *(.fini)
 .fini          0x0000000008003fa8        0x4 C:/ST/STM32CubeIDE_1.14.0/STM32CubeIDE/plugins/com.st.stm32cube.ide.mcu.externaltools.gnu-tools-for-stm32.11.3.rel1.win32_1.1.100.202309141235/tools/bin/../lib/gcc/arm-none-eabi/11.3.1/thumb/v7-m/nofp/crti.o
                0x0000000008003fa8                _fini
 .fini          0x0000000008003fac        0x8 C:/ST/STM32CubeIDE_1.14.0/STM32CubeIDE/plugins/com.st.stm32cube.ide.mcu.externaltools.gnu-tools-for-stm32.11.3.rel1.win32_1.1.100.202309141235/tools/bin/../lib/gcc/arm-none-eabi/11.3.1/thumb/v7-m/nofp/crtn.o
                0x0000000008003fb4                . = ALIGN (0x4)
                0x0000000008003fb4                _etext = .

.vfp11_veneer   0x0000000008003fb4        0x0
 .vfp11_veneer  0x0000000008003fb4        0x0 linker stubs

.v4_bx          0x0000000008003fb4        0x0
 .v4_bx         0x0000000008003fb4        0x0 linker stubs

.iplt           0x0000000008003fb4        0x0
 .iplt          0x0000000008003fb4        0x0 C:/ST/STM32CubeIDE_1.14.0/STM32CubeIDE/plugins/com.st.stm32cube.ide.mcu.externaltools.gnu-tools-for-stm32.11.3.rel1.win32_1.1.100.202309141235/tools/bin/../lib/gcc/arm-none-eabi/11.3.1/thumb/v7-m/nofp/crtbegin.o

.rodata         0x0000000008003fb4       0x28
                0x0000000008003fb4                . = ALIGN (0x4)
 *(.rodata)
 .rodata        0x0000000008003fb4       0x10 ./Drivers/STM32F1xx_HAL_Driver/Src/stm32f1xx_hal_rcc.o
 *(.rodata*)
 .rodata.AHBPrescTable
                0x0000000008003fc4       0x10 ./Core/Src/system_stm32f1xx.o
                0x0000000008003fc4                AHBPrescTable
 .rodata.APBPrescTable
                0x0000000008003fd4        0x8 ./Core/Src/system_stm32f1xx.o
                0x0000000008003fd4                APBPrescTable
                0x0000000008003fdc                . = ALIGN (0x4)

.rel.dyn        0x0000000008003fdc        0x0
 .rel.iplt      0x0000000008003fdc        0x0 C:/ST/STM32CubeIDE_1.14.0/STM32CubeIDE/plugins/com.st.stm32cube.ide.mcu.externaltools.gnu-tools-for-stm32.11.3.rel1.win32_1.1.100.202309141235/tools/bin/../lib/gcc/arm-none-eabi/11.3.1/thumb/v7-m/nofp/crtbegin.o

.ARM.extab      0x0000000008003fdc        0x0
                0x0000000008003fdc                . = ALIGN (0x4)
 *(.ARM.extab* .gnu.linkonce.armextab.*)
                0x0000000008003fdc                . = ALIGN (0x4)

.ARM            0x0000000008003fdc        0x0
                0x0000000008003fdc                . = ALIGN (0x4)
                0x0000000008003fdc                __exidx_start = .
 *(.ARM.exidx*)
                0x0000000008003fdc                __exidx_end = .
                0x0000000008003fdc                . = ALIGN (0x4)

.preinit_array  0x0000000008003fdc        0x0
                0x0000000008003fdc                . = ALIGN (0x4)
                0x0000000008003fdc                PROVIDE (__preinit_array_start = .)
 *(.preinit_array*)
                0x0000000008003fdc                PROVIDE (__preinit_array_end = .)
                0x0000000008003fdc                . = ALIGN (0x4)

.init_array     0x0000000008003fdc        0x4
                0x0000000008003fdc                . = ALIGN (0x4)
                0x0000000008003fdc                PROVIDE (__init_array_start = .)
 *(SORT_BY_NAME(.init_array.*))
 *(.init_array*)
 .init_array    0x0000000008003fdc        0x4 C:/ST/STM32CubeIDE_1.14.0/STM32CubeIDE/plugins/com.st.stm32cube.ide.mcu.externaltools.gnu-tools-for-stm32.11.3.rel1.win32_1.1.100.202309141235/tools/bin/../lib/gcc/arm-none-eabi/11.3.1/thumb/v7-m/nofp/crtbegin.o
                0x0000000008003fe0                PROVIDE (__init_array_end = .)
                0x0000000008003fe0                . = ALIGN (0x4)

.fini_array     0x0000000008003fe0        0x4
                0x0000000008003fe0                . = ALIGN (0x4)
                [!provide]                        PROVIDE (__fini_array_start = .)
 *(SORT_BY_NAME(.fini_array.*))
 *(.fini_array*)
 .fini_array    0x0000000008003fe0        0x4 C:/ST/STM32CubeIDE_1.14.0/STM32CubeIDE/plugins/com.st.stm32cube.ide.mcu.externaltools.gnu-tools-for-stm32.11.3.rel1.win32_1.1.100.202309141235/tools/bin/../lib/gcc/arm-none-eabi/11.3.1/thumb/v7-m/nofp/crtbegin.o
                [!provide]                        PROVIDE (__fini_array_end = .)
                0x0000000008003fe4                . = ALIGN (0x4)
                0x0000000008003fe4                _sidata = LOADADDR (.data)

.data           0x0000000020000000       0x14 load address 0x0000000008003fe4
                0x0000000020000000                . = ALIGN (0x4)
                0x0000000020000000                _sdata = .
 *(.data)
 *(.data*)
 .data.resp     0x0000000020000000        0x8 ./Core/Src/main.o
                0x0000000020000000                resp
 .data.SystemCoreClock
                0x0000000020000008        0x4 ./Core/Src/system_stm32f1xx.o
                0x0000000020000008                SystemCoreClock
 .data.uwTickPrio
                0x000000002000000c        0x4 ./Drivers/STM32F1xx_HAL_Driver/Src/stm32f1xx_hal.o
                0x000000002000000c                uwTickPrio
 .data.uwTickFreq
                0x0000000020000010        0x1 ./Drivers/STM32F1xx_HAL_Driver/Src/stm32f1xx_hal.o
                0x0000000020000010                uwTickFreq
 *(.RamFunc)
 *(.RamFunc*)
                0x0000000020000014                . = ALIGN (0x4)
 *fill*         0x0000000020000011        0x3 
                0x0000000020000014                _edata = .

.igot.plt       0x0000000020000014        0x0 load address 0x0000000008003ff8
 .igot.plt      0x0000000020000014        0x0 C:/ST/STM32CubeIDE_1.14.0/STM32CubeIDE/plugins/com.st.stm32cube.ide.mcu.externaltools.gnu-tools-for-stm32.11.3.rel1.win32_1.1.100.202309141235/tools/bin/../lib/gcc/arm-none-eabi/11.3.1/thumb/v7-m/nofp/crtbegin.o
                0x0000000020000014                . = ALIGN (0x4)

.bss            0x0000000020000014      0x170 load address 0x0000000008003ff8
                0x0000000020000014                _sbss = .
                0x0000000020000014                __bss_start__ = _sbss
 *(.bss)
 .bss           0x0000000020000014       0x1c C:/ST/STM32CubeIDE_1.14.0/STM32CubeIDE/plugins/com.st.stm32cube.ide.mcu.externaltools.gnu-tools-for-stm32.11.3.rel1.win32_1.1.100.202309141235/tools/bin/../lib/gcc/arm-none-eabi/11.3.1/thumb/v7-m/nofp/crtbegin.o
 *(.bss*)
 .bss.hiwdg     0x0000000020000030        0xc ./Core/Src/iwdg.o
                0x0000000020000030                hiwdg
 .bss.running   0x000000002000003c        0x2 ./Core/Src/main.o
                0x000000002000003c                running
 *fill*         0x000000002000003e        0x2 
 .bss.sensor_states
                0x0000000020000040        0x3 ./Core/Src/main.o
                0x0000000020000040                sensor_states
 *fill*         0x0000000020000043        0x1 
 .bss.wrong_command
                0x0000000020000044        0x8 ./Core/Src/main.o
                0x0000000020000044                wrong_command
 .bss.left_enabled
                0x000000002000004c        0x1 ./Core/Src/main.o
                0x000000002000004c                left_enabled
 .bss.right_enabled
                0x000000002000004d        0x1 ./Core/Src/main.o
                0x000000002000004d                right_enabled
 .bss.left_steps_diff
                0x000000002000004e        0x2 ./Core/Src/main.o
                0x000000002000004e                left_steps_diff
 .bss.left_steps_sum
                0x0000000020000050        0x2 ./Core/Src/main.o
                0x0000000020000050                left_steps_sum
 .bss.right_steps_diff
                0x0000000020000052        0x2 ./Core/Src/main.o
                0x0000000020000052                right_steps_diff
 .bss.right_steps_sum
                0x0000000020000054        0x2 ./Core/Src/main.o
                0x0000000020000054                right_steps_sum
 .bss.left_period_cnt
                0x0000000020000056        0x2 ./Core/Src/main.o
                0x0000000020000056                left_period_cnt
 .bss.right_period_cnt
                0x0000000020000058        0x2 ./Core/Src/main.o
                0x0000000020000058                right_period_cnt
 .bss.left_cycle
                0x000000002000005a        0x2 ./Core/Src/main.o
                0x000000002000005a                left_cycle
 .bss.right_cycle
                0x000000002000005c        0x2 ./Core/Src/main.o
                0x000000002000005c                right_cycle
 .bss.execution_time_cnt
                0x000000002000005e        0x2 ./Core/Src/main.o
                0x000000002000005e                execution_time_cnt
 .bss.uart_recv
                0x0000000020000060        0x1 ./Core/Src/main.o
                0x0000000020000060                uart_recv
 *fill*         0x0000000020000061        0x3 
 .bss.htim2     0x0000000020000064       0x48 ./Core/Src/tim.o
                0x0000000020000064                htim2
 .bss.htim3     0x00000000200000ac       0x48 ./Core/Src/tim.o
                0x00000000200000ac                htim3
 .bss.htim4     0x00000000200000f4       0x48 ./Core/Src/tim.o
                0x00000000200000f4                htim4
 .bss.huart1    0x000000002000013c       0x44 ./Core/Src/usart.o
                0x000000002000013c                huart1
 .bss.uwTick    0x0000000020000180        0x4 ./Drivers/STM32F1xx_HAL_Driver/Src/stm32f1xx_hal.o
                0x0000000020000180                uwTick
 *(COMMON)
                0x0000000020000184                . = ALIGN (0x4)
                0x0000000020000184                _ebss = .
                0x0000000020000184                __bss_end__ = _ebss

._user_heap_stack
                0x0000000020000184      0x604 load address 0x0000000008003ff8
                0x0000000020000188                . = ALIGN (0x8)
 *fill*         0x0000000020000184        0x4 
                [!provide]                        PROVIDE (end = .)
                0x0000000020000188                PROVIDE (_end = .)
                0x0000000020000388                . = (. + _Min_Heap_Size)
 *fill*         0x0000000020000188      0x200 
                0x0000000020000788                . = (. + _Min_Stack_Size)
 *fill*         0x0000000020000388      0x400 
                0x0000000020000788                . = ALIGN (0x8)

/DISCARD/
 libc.a(*)
 libm.a(*)
 libgcc.a(*)

.ARM.attributes
                0x0000000000000000       0x29
 *(.ARM.attributes)
 .ARM.attributes
                0x0000000000000000       0x1d C:/ST/STM32CubeIDE_1.14.0/STM32CubeIDE/plugins/com.st.stm32cube.ide.mcu.externaltools.gnu-tools-for-stm32.11.3.rel1.win32_1.1.100.202309141235/tools/bin/../lib/gcc/arm-none-eabi/11.3.1/thumb/v7-m/nofp/crti.o
 .ARM.attributes
                0x000000000000001d       0x2d C:/ST/STM32CubeIDE_1.14.0/STM32CubeIDE/plugins/com.st.stm32cube.ide.mcu.externaltools.gnu-tools-for-stm32.11.3.rel1.win32_1.1.100.202309141235/tools/bin/../lib/gcc/arm-none-eabi/11.3.1/thumb/v7-m/nofp/crtbegin.o
 .ARM.attributes
                0x000000000000004a       0x2d ./Core/Src/gpio.o
 .ARM.attributes
                0x0000000000000077       0x2d ./Core/Src/iwdg.o
 .ARM.attributes
                0x00000000000000a4       0x2d ./Core/Src/main.o
 .ARM.attributes
                0x00000000000000d1       0x2d ./Core/Src/stm32f1xx_hal_msp.o
 .ARM.attributes
                0x00000000000000fe       0x2d ./Core/Src/stm32f1xx_it.o
 .ARM.attributes
                0x000000000000012b       0x2d ./Core/Src/system_stm32f1xx.o
 .ARM.attributes
                0x0000000000000158       0x2d ./Core/Src/tim.o
 .ARM.attributes
                0x0000000000000185       0x2d ./Core/Src/usart.o
 .ARM.attributes
                0x00000000000001b2       0x21 ./Core/Startup/startup_stm32f103c8tx.o
 .ARM.attributes
                0x00000000000001d3       0x2d ./Drivers/STM32F1xx_HAL_Driver/Src/stm32f1xx_hal.o
 .ARM.attributes
                0x0000000000000200       0x2d ./Drivers/STM32F1xx_HAL_Driver/Src/stm32f1xx_hal_cortex.o
 .ARM.attributes
                0x000000000000022d       0x2d ./Drivers/STM32F1xx_HAL_Driver/Src/stm32f1xx_hal_dma.o
 .ARM.attributes
                0x000000000000025a       0x2d ./Drivers/STM32F1xx_HAL_Driver/Src/stm32f1xx_hal_gpio.o
 .ARM.attributes
                0x0000000000000287       0x2d ./Drivers/STM32F1xx_HAL_Driver/Src/stm32f1xx_hal_iwdg.o
 .ARM.attributes
                0x00000000000002b4       0x2d ./Drivers/STM32F1xx_HAL_Driver/Src/stm32f1xx_hal_rcc.o
 .ARM.attributes
                0x00000000000002e1       0x2d ./Drivers/STM32F1xx_HAL_Driver/Src/stm32f1xx_hal_tim.o
 .ARM.attributes
                0x000000000000030e       0x2d ./Drivers/STM32F1xx_HAL_Driver/Src/stm32f1xx_hal_tim_ex.o
 .ARM.attributes
                0x000000000000033b       0x2d ./Drivers/STM32F1xx_HAL_Driver/Src/stm32f1xx_hal_uart.o
 .ARM.attributes
                0x0000000000000368       0x2d C:/ST/STM32CubeIDE_1.14.0/STM32CubeIDE/plugins/com.st.stm32cube.ide.mcu.externaltools.gnu-tools-for-stm32.11.3.rel1.win32_1.1.100.202309141235/tools/bin/../lib/gcc/arm-none-eabi/11.3.1/../../../../arm-none-eabi/lib/thumb/v7-m/nofp\libc_nano.a(libc_a-memset.o)
 .ARM.attributes
                0x0000000000000395       0x2d C:/ST/STM32CubeIDE_1.14.0/STM32CubeIDE/plugins/com.st.stm32cube.ide.mcu.externaltools.gnu-tools-for-stm32.11.3.rel1.win32_1.1.100.202309141235/tools/bin/../lib/gcc/arm-none-eabi/11.3.1/../../../../arm-none-eabi/lib/thumb/v7-m/nofp\libc_nano.a(libc_a-init.o)
 .ARM.attributes
                0x00000000000003c2       0x1d C:/ST/STM32CubeIDE_1.14.0/STM32CubeIDE/plugins/com.st.stm32cube.ide.mcu.externaltools.gnu-tools-for-stm32.11.3.rel1.win32_1.1.100.202309141235/tools/bin/../lib/gcc/arm-none-eabi/11.3.1/thumb/v7-m/nofp/crtn.o
OUTPUT(gripper_control.elf elf32-littlearm)
LOAD linker stubs
LOAD C:/ST/STM32CubeIDE_1.14.0/STM32CubeIDE/plugins/com.st.stm32cube.ide.mcu.externaltools.gnu-tools-for-stm32.11.3.rel1.win32_1.1.100.202309141235/tools/bin/../lib/gcc/arm-none-eabi/11.3.1/../../../../arm-none-eabi/lib/thumb/v7-m/nofp\libc.a
LOAD C:/ST/STM32CubeIDE_1.14.0/STM32CubeIDE/plugins/com.st.stm32cube.ide.mcu.externaltools.gnu-tools-for-stm32.11.3.rel1.win32_1.1.100.202309141235/tools/bin/../lib/gcc/arm-none-eabi/11.3.1/../../../../arm-none-eabi/lib/thumb/v7-m/nofp\libm.a
LOAD C:/ST/STM32CubeIDE_1.14.0/STM32CubeIDE/plugins/com.st.stm32cube.ide.mcu.externaltools.gnu-tools-for-stm32.11.3.rel1.win32_1.1.100.202309141235/tools/bin/../lib/gcc/arm-none-eabi/11.3.1/thumb/v7-m/nofp\libgcc.a

.comment        0x0000000000000000       0x43
 .comment       0x0000000000000000       0x43 C:/ST/STM32CubeIDE_1.14.0/STM32CubeIDE/plugins/com.st.stm32cube.ide.mcu.externaltools.gnu-tools-for-stm32.11.3.rel1.win32_1.1.100.202309141235/tools/bin/../lib/gcc/arm-none-eabi/11.3.1/thumb/v7-m/nofp/crtbegin.o
                                         0x44 (size before relaxing)
 .comment       0x0000000000000043       0x44 ./Core/Src/gpio.o
 .comment       0x0000000000000043       0x44 ./Core/Src/iwdg.o
 .comment       0x0000000000000043       0x44 ./Core/Src/main.o
 .comment       0x0000000000000043       0x44 ./Core/Src/stm32f1xx_hal_msp.o
 .comment       0x0000000000000043       0x44 ./Core/Src/stm32f1xx_it.o
 .comment       0x0000000000000043       0x44 ./Core/Src/system_stm32f1xx.o
 .comment       0x0000000000000043       0x44 ./Core/Src/tim.o
 .comment       0x0000000000000043       0x44 ./Core/Src/usart.o
 .comment       0x0000000000000043       0x44 ./Drivers/STM32F1xx_HAL_Driver/Src/stm32f1xx_hal.o
 .comment       0x0000000000000043       0x44 ./Drivers/STM32F1xx_HAL_Driver/Src/stm32f1xx_hal_cortex.o
 .comment       0x0000000000000043       0x44 ./Drivers/STM32F1xx_HAL_Driver/Src/stm32f1xx_hal_dma.o
 .comment       0x0000000000000043       0x44 ./Drivers/STM32F1xx_HAL_Driver/Src/stm32f1xx_hal_gpio.o
 .comment       0x0000000000000043       0x44 ./Drivers/STM32F1xx_HAL_Driver/Src/stm32f1xx_hal_iwdg.o
 .comment       0x0000000000000043       0x44 ./Drivers/STM32F1xx_HAL_Driver/Src/stm32f1xx_hal_rcc.o
 .comment       0x0000000000000043       0x44 ./Drivers/STM32F1xx_HAL_Driver/Src/stm32f1xx_hal_tim.o
 .comment       0x0000000000000043       0x44 ./Drivers/STM32F1xx_HAL_Driver/Src/stm32f1xx_hal_tim_ex.o
 .comment       0x0000000000000043       0x44 ./Drivers/STM32F1xx_HAL_Driver/Src/stm32f1xx_hal_uart.o

.debug_info     0x0000000000000000     0xb332
 .debug_info    0x0000000000000000      0x463 ./Core/Src/gpio.o
 .debug_info    0x0000000000000463      0x1ce ./Core/Src/iwdg.o
 .debug_info    0x0000000000000631     0x100a ./Core/Src/main.o
 .debug_info    0x000000000000163b      0x206 ./Core/Src/stm32f1xx_hal_msp.o
 .debug_info    0x0000000000001841      0x99e ./Core/Src/stm32f1xx_it.o
 .debug_info    0x00000000000021df      0x222 ./Core/Src/system_stm32f1xx.o
 .debug_info    0x0000000000002401      0xe25 ./Core/Src/tim.o
 .debug_info    0x0000000000003226      0x912 ./Core/Src/usart.o
 .debug_info    0x0000000000003b38       0x23 ./Core/Startup/startup_stm32f103c8tx.o
 .debug_info    0x0000000000003b5b      0x704 ./Drivers/STM32F1xx_HAL_Driver/Src/stm32f1xx_hal.o
 .debug_info    0x000000000000425f      0xa87 ./Drivers/STM32F1xx_HAL_Driver/Src/stm32f1xx_hal_cortex.o
 .debug_info    0x0000000000004ce6      0x6cd ./Drivers/STM32F1xx_HAL_Driver/Src/stm32f1xx_hal_dma.o
 .debug_info    0x00000000000053b3      0x5ab ./Drivers/STM32F1xx_HAL_Driver/Src/stm32f1xx_hal_gpio.o
 .debug_info    0x000000000000595e      0x1d9 ./Drivers/STM32F1xx_HAL_Driver/Src/stm32f1xx_hal_iwdg.o
 .debug_info    0x0000000000005b37      0x7ee ./Drivers/STM32F1xx_HAL_Driver/Src/stm32f1xx_hal_rcc.o
 .debug_info    0x0000000000006325     0x2789 ./Drivers/STM32F1xx_HAL_Driver/Src/stm32f1xx_hal_tim.o
 .debug_info    0x0000000000008aae     0x13f1 ./Drivers/STM32F1xx_HAL_Driver/Src/stm32f1xx_hal_tim_ex.o
 .debug_info    0x0000000000009e9f     0x1493 ./Drivers/STM32F1xx_HAL_Driver/Src/stm32f1xx_hal_uart.o

.debug_abbrev   0x0000000000000000     0x2222
 .debug_abbrev  0x0000000000000000      0x161 ./Core/Src/gpio.o
 .debug_abbrev  0x0000000000000161      0x128 ./Core/Src/iwdg.o
 .debug_abbrev  0x0000000000000289      0x30a ./Core/Src/main.o
 .debug_abbrev  0x0000000000000593       0xdb ./Core/Src/stm32f1xx_hal_msp.o
 .debug_abbrev  0x000000000000066e      0x1c4 ./Core/Src/stm32f1xx_it.o
 .debug_abbrev  0x0000000000000832      0x13f ./Core/Src/system_stm32f1xx.o
 .debug_abbrev  0x0000000000000971      0x27e ./Core/Src/tim.o
 .debug_abbrev  0x0000000000000bef      0x1fe ./Core/Src/usart.o
 .debug_abbrev  0x0000000000000ded       0x12 ./Core/Startup/startup_stm32f103c8tx.o
 .debug_abbrev  0x0000000000000dff      0x201 ./Drivers/STM32F1xx_HAL_Driver/Src/stm32f1xx_hal.o
 .debug_abbrev  0x0000000000001000      0x2f8 ./Drivers/STM32F1xx_HAL_Driver/Src/stm32f1xx_hal_cortex.o
 .debug_abbrev  0x00000000000012f8      0x20b ./Drivers/STM32F1xx_HAL_Driver/Src/stm32f1xx_hal_dma.o
 .debug_abbrev  0x0000000000001503      0x1ca ./Drivers/STM32F1xx_HAL_Driver/Src/stm32f1xx_hal_gpio.o
 .debug_abbrev  0x00000000000016cd      0x12c ./Drivers/STM32F1xx_HAL_Driver/Src/stm32f1xx_hal_iwdg.o
 .debug_abbrev  0x00000000000017f9      0x2b1 ./Drivers/STM32F1xx_HAL_Driver/Src/stm32f1xx_hal_rcc.o
 .debug_abbrev  0x0000000000001aaa      0x270 ./Drivers/STM32F1xx_HAL_Driver/Src/stm32f1xx_hal_tim.o
 .debug_abbrev  0x0000000000001d1a      0x27b ./Drivers/STM32F1xx_HAL_Driver/Src/stm32f1xx_hal_tim_ex.o
 .debug_abbrev  0x0000000000001f95      0x28d ./Drivers/STM32F1xx_HAL_Driver/Src/stm32f1xx_hal_uart.o

.debug_aranges  0x0000000000000000      0xcd0
 .debug_aranges
                0x0000000000000000       0x20 ./Core/Src/gpio.o
 .debug_aranges
                0x0000000000000020       0x20 ./Core/Src/iwdg.o
 .debug_aranges
                0x0000000000000040       0x60 ./Core/Src/main.o
 .debug_aranges
                0x00000000000000a0       0x20 ./Core/Src/stm32f1xx_hal_msp.o
 .debug_aranges
                0x00000000000000c0       0x90 ./Core/Src/stm32f1xx_it.o
 .debug_aranges
                0x0000000000000150       0x28 ./Core/Src/system_stm32f1xx.o
 .debug_aranges
                0x0000000000000178       0x58 ./Core/Src/tim.o
 .debug_aranges
                0x00000000000001d0       0x30 ./Core/Src/usart.o
 .debug_aranges
                0x0000000000000200       0x28 ./Core/Startup/startup_stm32f103c8tx.o
 .debug_aranges
                0x0000000000000228       0xe0 ./Drivers/STM32F1xx_HAL_Driver/Src/stm32f1xx_hal.o
 .debug_aranges
                0x0000000000000308      0x100 ./Drivers/STM32F1xx_HAL_Driver/Src/stm32f1xx_hal_cortex.o
 .debug_aranges
                0x0000000000000408       0x80 ./Drivers/STM32F1xx_HAL_Driver/Src/stm32f1xx_hal_dma.o
 .debug_aranges
                0x0000000000000488       0x58 ./Drivers/STM32F1xx_HAL_Driver/Src/stm32f1xx_hal_gpio.o
 .debug_aranges
                0x00000000000004e0       0x28 ./Drivers/STM32F1xx_HAL_Driver/Src/stm32f1xx_hal_iwdg.o
 .debug_aranges
                0x0000000000000508       0x90 ./Drivers/STM32F1xx_HAL_Driver/Src/stm32f1xx_hal_rcc.o
 .debug_aranges
                0x0000000000000598      0x3d0 ./Drivers/STM32F1xx_HAL_Driver/Src/stm32f1xx_hal_tim.o
 .debug_aranges
                0x0000000000000968      0x168 ./Drivers/STM32F1xx_HAL_Driver/Src/stm32f1xx_hal_tim_ex.o
 .debug_aranges
                0x0000000000000ad0      0x200 ./Drivers/STM32F1xx_HAL_Driver/Src/stm32f1xx_hal_uart.o

.debug_rnglists
                0x0000000000000000      0x9f8
 .debug_rnglists
                0x0000000000000000       0x14 ./Core/Src/gpio.o
 .debug_rnglists
                0x0000000000000014       0x13 ./Core/Src/iwdg.o
 .debug_rnglists
                0x0000000000000027       0x47 ./Core/Src/main.o
 .debug_rnglists
                0x000000000000006e       0x13 ./Core/Src/stm32f1xx_hal_msp.o
 .debug_rnglists
                0x0000000000000081       0x67 ./Core/Src/stm32f1xx_it.o
 .debug_rnglists
                0x00000000000000e8       0x1a ./Core/Src/system_stm32f1xx.o
 .debug_rnglists
                0x0000000000000102       0x43 ./Core/Src/tim.o
 .debug_rnglists
                0x0000000000000145       0x20 ./Core/Src/usart.o
 .debug_rnglists
                0x0000000000000165       0x19 ./Core/Startup/startup_stm32f103c8tx.o
 .debug_rnglists
                0x000000000000017e       0xa3 ./Drivers/STM32F1xx_HAL_Driver/Src/stm32f1xx_hal.o
 .debug_rnglists
                0x0000000000000221       0xbb ./Drivers/STM32F1xx_HAL_Driver/Src/stm32f1xx_hal_cortex.o
 .debug_rnglists
                0x00000000000002dc       0x64 ./Drivers/STM32F1xx_HAL_Driver/Src/stm32f1xx_hal_dma.o
 .debug_rnglists
                0x0000000000000340       0x3f ./Drivers/STM32F1xx_HAL_Driver/Src/stm32f1xx_hal_gpio.o
 .debug_rnglists
                0x000000000000037f       0x1a ./Drivers/STM32F1xx_HAL_Driver/Src/stm32f1xx_hal_iwdg.o
 .debug_rnglists
                0x0000000000000399       0x6c ./Drivers/STM32F1xx_HAL_Driver/Src/stm32f1xx_hal_rcc.o
 .debug_rnglists
                0x0000000000000405      0x31a ./Drivers/STM32F1xx_HAL_Driver/Src/stm32f1xx_hal_tim.o
 .debug_rnglists
                0x000000000000071f      0x125 ./Drivers/STM32F1xx_HAL_Driver/Src/stm32f1xx_hal_tim_ex.o
 .debug_rnglists
                0x0000000000000844      0x1b4 ./Drivers/STM32F1xx_HAL_Driver/Src/stm32f1xx_hal_uart.o

.debug_macro    0x0000000000000000    0x18609
 .debug_macro   0x0000000000000000      0x2a5 ./Core/Src/gpio.o
 .debug_macro   0x00000000000002a5      0xa9c ./Core/Src/gpio.o
 .debug_macro   0x0000000000000d41      0x221 ./Core/Src/gpio.o
 .debug_macro   0x0000000000000f62       0x2e ./Core/Src/gpio.o
 .debug_macro   0x0000000000000f90       0x22 ./Core/Src/gpio.o
 .debug_macro   0x0000000000000fb2       0x22 ./Core/Src/gpio.o
 .debug_macro   0x0000000000000fd4       0x8e ./Core/Src/gpio.o
 .debug_macro   0x0000000000001062       0x51 ./Core/Src/gpio.o
 .debug_macro   0x00000000000010b3      0x103 ./Core/Src/gpio.o
 .debug_macro   0x00000000000011b6       0x6a ./Core/Src/gpio.o
 .debug_macro   0x0000000000001220      0x1df ./Core/Src/gpio.o
 .debug_macro   0x00000000000013ff       0x1c ./Core/Src/gpio.o
 .debug_macro   0x000000000000141b       0x22 ./Core/Src/gpio.o
 .debug_macro   0x000000000000143d       0xbd ./Core/Src/gpio.o
 .debug_macro   0x00000000000014fa      0xd23 ./Core/Src/gpio.o
 .debug_macro   0x000000000000221d     0xe09e ./Core/Src/gpio.o
 .debug_macro   0x00000000000102bb       0x6d ./Core/Src/gpio.o
 .debug_macro   0x0000000000010328     0x3468 ./Core/Src/gpio.o
 .debug_macro   0x0000000000013790      0x174 ./Core/Src/gpio.o
 .debug_macro   0x0000000000013904       0x5c ./Core/Src/gpio.o
 .debug_macro   0x0000000000013960      0x5be ./Core/Src/gpio.o
 .debug_macro   0x0000000000013f1e      0x289 ./Core/Src/gpio.o
 .debug_macro   0x00000000000141a7      0x1cb ./Core/Src/gpio.o
 .debug_macro   0x0000000000014372      0x114 ./Core/Src/gpio.o
 .debug_macro   0x0000000000014486      0x1b2 ./Core/Src/gpio.o
 .debug_macro   0x0000000000014638       0x27 ./Core/Src/gpio.o
 .debug_macro   0x000000000001465f      0x136 ./Core/Src/gpio.o
 .debug_macro   0x0000000000014795      0x1bc ./Core/Src/gpio.o
 .debug_macro   0x0000000000014951       0x34 ./Core/Src/gpio.o
 .debug_macro   0x0000000000014985       0x3c ./Core/Src/gpio.o
 .debug_macro   0x00000000000149c1       0x57 ./Core/Src/gpio.o
 .debug_macro   0x0000000000014a18       0x88 ./Core/Src/gpio.o
 .debug_macro   0x0000000000014aa0      0x241 ./Core/Src/gpio.o
 .debug_macro   0x0000000000014ce1       0x78 ./Core/Src/gpio.o
 .debug_macro   0x0000000000014d59      0x141 ./Core/Src/gpio.o
 .debug_macro   0x0000000000014e9a      0x8d1 ./Core/Src/gpio.o
 .debug_macro   0x000000000001576b      0x279 ./Core/Src/gpio.o
 .debug_macro   0x00000000000159e4       0x83 ./Core/Src/gpio.o
 .debug_macro   0x0000000000015a67       0x24 ./Core/Src/gpio.o
 .debug_macro   0x0000000000015a8b       0x61 ./Core/Src/gpio.o
 .debug_macro   0x0000000000015aec       0x43 ./Core/Src/gpio.o
 .debug_macro   0x0000000000015b2f       0x34 ./Core/Src/gpio.o
 .debug_macro   0x0000000000015b63       0x16 ./Core/Src/gpio.o
 .debug_macro   0x0000000000015b79       0x35 ./Core/Src/gpio.o
 .debug_macro   0x0000000000015bae       0x16 ./Core/Src/gpio.o
 .debug_macro   0x0000000000015bc4       0x43 ./Core/Src/gpio.o
 .debug_macro   0x0000000000015c07       0x34 ./Core/Src/gpio.o
 .debug_macro   0x0000000000015c3b       0x10 ./Core/Src/gpio.o
 .debug_macro   0x0000000000015c4b       0x58 ./Core/Src/gpio.o
 .debug_macro   0x0000000000015ca3       0x8e ./Core/Src/gpio.o
 .debug_macro   0x0000000000015d31       0x1c ./Core/Src/gpio.o
 .debug_macro   0x0000000000015d4d      0x177 ./Core/Src/gpio.o
 .debug_macro   0x0000000000015ec4      0x369 ./Core/Src/gpio.o
 .debug_macro   0x000000000001622d       0x16 ./Core/Src/gpio.o
 .debug_macro   0x0000000000016243       0x29 ./Core/Src/gpio.o
 .debug_macro   0x000000000001626c      0x19b ./Core/Src/gpio.o
 .debug_macro   0x0000000000016407       0x70 ./Core/Src/gpio.o
 .debug_macro   0x0000000000016477      0x2a5 ./Core/Src/iwdg.o
 .debug_macro   0x000000000001671c      0x2d0 ./Core/Src/main.o
 .debug_macro   0x00000000000169ec       0x22 ./Core/Src/main.o
 .debug_macro   0x0000000000016a0e      0x29b ./Core/Src/stm32f1xx_hal_msp.o
 .debug_macro   0x0000000000016ca9      0x2a5 ./Core/Src/stm32f1xx_it.o
 .debug_macro   0x0000000000016f4e      0x1ad ./Core/Src/system_stm32f1xx.o
 .debug_macro   0x00000000000170fb      0x2a5 ./Core/Src/tim.o
 .debug_macro   0x00000000000173a0      0x2a5 ./Core/Src/usart.o
 .debug_macro   0x0000000000017645      0x1d1 ./Drivers/STM32F1xx_HAL_Driver/Src/stm32f1xx_hal.o
 .debug_macro   0x0000000000017816      0x1ad ./Drivers/STM32F1xx_HAL_Driver/Src/stm32f1xx_hal_cortex.o
 .debug_macro   0x00000000000179c3      0x1ad ./Drivers/STM32F1xx_HAL_Driver/Src/stm32f1xx_hal_dma.o
 .debug_macro   0x0000000000017b70      0x218 ./Drivers/STM32F1xx_HAL_Driver/Src/stm32f1xx_hal_gpio.o
 .debug_macro   0x0000000000017d88      0x1b9 ./Drivers/STM32F1xx_HAL_Driver/Src/stm32f1xx_hal_iwdg.o
 .debug_macro   0x0000000000017f41      0x1bf ./Drivers/STM32F1xx_HAL_Driver/Src/stm32f1xx_hal_rcc.o
 .debug_macro   0x0000000000018100      0x1ae ./Drivers/STM32F1xx_HAL_Driver/Src/stm32f1xx_hal_tim.o
 .debug_macro   0x00000000000182ae      0x1ad ./Drivers/STM32F1xx_HAL_Driver/Src/stm32f1xx_hal_tim_ex.o
 .debug_macro   0x000000000001845b      0x1ae ./Drivers/STM32F1xx_HAL_Driver/Src/stm32f1xx_hal_uart.o

.debug_line     0x0000000000000000     0xf4d3
 .debug_line    0x0000000000000000      0x8b7 ./Core/Src/gpio.o
 .debug_line    0x00000000000008b7      0x888 ./Core/Src/iwdg.o
 .debug_line    0x000000000000113f      0xb6f ./Core/Src/main.o
 .debug_line    0x0000000000001cae      0x87d ./Core/Src/stm32f1xx_hal_msp.o
 .debug_line    0x000000000000252b      0x9ce ./Core/Src/stm32f1xx_it.o
 .debug_line    0x0000000000002ef9      0x79b ./Core/Src/system_stm32f1xx.o
 .debug_line    0x0000000000003694      0xa6d ./Core/Src/tim.o
 .debug_line    0x0000000000004101      0x8ee ./Core/Src/usart.o
 .debug_line    0x00000000000049ef       0x79 ./Core/Startup/startup_stm32f103c8tx.o
 .debug_line    0x0000000000004a68      0x9c8 ./Drivers/STM32F1xx_HAL_Driver/Src/stm32f1xx_hal.o
 .debug_line    0x0000000000005430      0xbb0 ./Drivers/STM32F1xx_HAL_Driver/Src/stm32f1xx_hal_cortex.o
 .debug_line    0x0000000000005fe0      0xe20 ./Drivers/STM32F1xx_HAL_Driver/Src/stm32f1xx_hal_dma.o
 .debug_line    0x0000000000006e00      0xa5f ./Drivers/STM32F1xx_HAL_Driver/Src/stm32f1xx_hal_gpio.o
 .debug_line    0x000000000000785f      0x793 ./Drivers/STM32F1xx_HAL_Driver/Src/stm32f1xx_hal_iwdg.o
 .debug_line    0x0000000000007ff2      0xdd3 ./Drivers/STM32F1xx_HAL_Driver/Src/stm32f1xx_hal_rcc.o
 .debug_line    0x0000000000008dc5     0x337e ./Drivers/STM32F1xx_HAL_Driver/Src/stm32f1xx_hal_tim.o
 .debug_line    0x000000000000c143     0x18f0 ./Drivers/STM32F1xx_HAL_Driver/Src/stm32f1xx_hal_tim_ex.o
 .debug_line    0x000000000000da33     0x1aa0 ./Drivers/STM32F1xx_HAL_Driver/Src/stm32f1xx_hal_uart.o

.debug_str      0x0000000000000000    0x8a907
 .debug_str     0x0000000000000000    0x873bf ./Core/Src/gpio.o
                                      0x877a2 (size before relaxing)
 .debug_str     0x00000000000873bf       0xc0 ./Core/Src/iwdg.o
                                      0x87459 (size before relaxing)
 .debug_str     0x000000000008747f      0xac4 ./Core/Src/main.o
                                      0x88032 (size before relaxing)
 .debug_str     0x0000000000087f43       0x5a ./Core/Src/stm32f1xx_hal_msp.o
                                      0x87423 (size before relaxing)
 .debug_str     0x0000000000087f9d      0x16d ./Core/Src/stm32f1xx_it.o
                                      0x87bb8 (size before relaxing)
 .debug_str     0x000000000008810a       0x7e ./Core/Src/system_stm32f1xx.o
                                      0x8387d (size before relaxing)
 .debug_str     0x0000000000088188      0x295 ./Core/Src/tim.o
                                      0x87f62 (size before relaxing)
 .debug_str     0x000000000008841d       0x51 ./Core/Src/usart.o
                                      0x87bd6 (size before relaxing)
 .debug_str     0x000000000008846e       0x34 ./Core/Startup/startup_stm32f103c8tx.o
                                         0x78 (size before relaxing)
 .debug_str     0x00000000000884a2      0x384 ./Drivers/STM32F1xx_HAL_Driver/Src/stm32f1xx_hal.o
                                      0x83fb0 (size before relaxing)
 .debug_str     0x0000000000088826      0x294 ./Drivers/STM32F1xx_HAL_Driver/Src/stm32f1xx_hal_cortex.o
                                      0x83efc (size before relaxing)
 .debug_str     0x0000000000088aba      0x235 ./Drivers/STM32F1xx_HAL_Driver/Src/stm32f1xx_hal_dma.o
                                      0x83c26 (size before relaxing)
 .debug_str     0x0000000000088cef      0x2a4 ./Drivers/STM32F1xx_HAL_Driver/Src/stm32f1xx_hal_gpio.o
                                      0x83c03 (size before relaxing)
 .debug_str     0x0000000000088f93       0xd4 ./Drivers/STM32F1xx_HAL_Driver/Src/stm32f1xx_hal_iwdg.o
                                      0x8393f (size before relaxing)
 .debug_str     0x0000000000089067      0x229 ./Drivers/STM32F1xx_HAL_Driver/Src/stm32f1xx_hal_rcc.o
                                      0x83cac (size before relaxing)
 .debug_str     0x0000000000089290      0xc57 ./Drivers/STM32F1xx_HAL_Driver/Src/stm32f1xx_hal_tim.o
                                      0x84c97 (size before relaxing)
 .debug_str     0x0000000000089ee7      0x493 ./Drivers/STM32F1xx_HAL_Driver/Src/stm32f1xx_hal_tim_ex.o
                                      0x844b3 (size before relaxing)
 .debug_str     0x000000000008a37a      0x58d ./Drivers/STM32F1xx_HAL_Driver/Src/stm32f1xx_hal_uart.o
                                      0x842b7 (size before relaxing)

.debug_frame    0x0000000000000000     0x3400
 .debug_frame   0x0000000000000000       0x34 ./Core/Src/gpio.o
 .debug_frame   0x0000000000000034       0x2c ./Core/Src/iwdg.o
 .debug_frame   0x0000000000000060      0x148 ./Core/Src/main.o
 .debug_frame   0x00000000000001a8       0x38 ./Core/Src/stm32f1xx_hal_msp.o
 .debug_frame   0x00000000000001e0      0x1ac ./Core/Src/stm32f1xx_it.o
 .debug_frame   0x000000000000038c       0x58 ./Core/Src/system_stm32f1xx.o
 .debug_frame   0x00000000000003e4      0x130 ./Core/Src/tim.o
 .debug_frame   0x0000000000000514       0x74 ./Core/Src/usart.o
 .debug_frame   0x0000000000000588      0x334 ./Drivers/STM32F1xx_HAL_Driver/Src/stm32f1xx_hal.o
 .debug_frame   0x00000000000008bc      0x428 ./Drivers/STM32F1xx_HAL_Driver/Src/stm32f1xx_hal_cortex.o
 .debug_frame   0x0000000000000ce4      0x208 ./Drivers/STM32F1xx_HAL_Driver/Src/stm32f1xx_hal_dma.o
 .debug_frame   0x0000000000000eec      0x14c ./Drivers/STM32F1xx_HAL_Driver/Src/stm32f1xx_hal_gpio.o
 .debug_frame   0x0000000000001038       0x5c ./Drivers/STM32F1xx_HAL_Driver/Src/stm32f1xx_hal_iwdg.o
 .debug_frame   0x0000000000001094      0x21c ./Drivers/STM32F1xx_HAL_Driver/Src/stm32f1xx_hal_rcc.o
 .debug_frame   0x00000000000012b0     0x11b8 ./Drivers/STM32F1xx_HAL_Driver/Src/stm32f1xx_hal_tim.o
 .debug_frame   0x0000000000002468      0x638 ./Drivers/STM32F1xx_HAL_Driver/Src/stm32f1xx_hal_tim_ex.o
 .debug_frame   0x0000000000002aa0      0x914 ./Drivers/STM32F1xx_HAL_Driver/Src/stm32f1xx_hal_uart.o
 .debug_frame   0x00000000000033b4       0x20 C:/ST/STM32CubeIDE_1.14.0/STM32CubeIDE/plugins/com.st.stm32cube.ide.mcu.externaltools.gnu-tools-for-stm32.11.3.rel1.win32_1.1.100.202309141235/tools/bin/../lib/gcc/arm-none-eabi/11.3.1/../../../../arm-none-eabi/lib/thumb/v7-m/nofp\libc_nano.a(libc_a-memset.o)
 .debug_frame   0x00000000000033d4       0x2c C:/ST/STM32CubeIDE_1.14.0/STM32CubeIDE/plugins/com.st.stm32cube.ide.mcu.externaltools.gnu-tools-for-stm32.11.3.rel1.win32_1.1.100.202309141235/tools/bin/../lib/gcc/arm-none-eabi/11.3.1/../../../../arm-none-eabi/lib/thumb/v7-m/nofp\libc_nano.a(libc_a-init.o)

.debug_line_str
                0x0000000000000000       0x6c
 .debug_line_str
                0x0000000000000000       0x6c ./Core/Startup/startup_stm32f103c8tx.o
                                         0x84 (size before relaxing)
