../Core/Src/main.c:109:5:main	8	static
../Core/Src/main.c:165:6:SystemClock_Config	72	static
../Core/Src/main.c:203:17:calc_duty_cycle	24	static
../Core/Src/main.c:224:13:set_duty_cycle	16	static
../Core/Src/main.c:230:13:init_values	4	static
../Core/Src/main.c:244:14:step2deg	16	static
../Core/Src/main.c:249:6:HAL_TIM_IC_CaptureCallback	16	static
../Core/Src/main.c:289:6:HAL_TIM_PeriodElapsedCallback	24	static
../Core/Src/main.c:343:6:HAL_UART_RxCpltCallback	16	static
../Core/Src/main.c:418:6:Error_Handler	4	static,ignoring_inline_asm
